// Jest Snapshot v1, https://goo.gl/fbAQLP

exports[`section component should render correctly 1`] = `
<section>
  Section
</section>
`;
