// Jest Snapshot v1, https://goo.gl/fbAQLP

exports[`header component should render correctly 1`] = `
<DocumentFragment>
  <header>
    Header
  </header>
</DocumentFragment>
`;
