// Jest Snapshot v1, https://goo.gl/fbAQLP

exports[`button component should render correctly 1`] = `
<DocumentFragment>
  <button>
    Button
  </button>
</DocumentFragment>
`;
