// Jest Snapshot v1, https://goo.gl/fbAQLP

exports[`post component should render correctly 1`] = `
<article>
  <header>
    <h1>
      First Post
    </h1>
    <div>
      <time
        datetime="2000-01-01"
      >
        01 Jan. 2000
      </time>
       â€¢ 
      1
       mins.
    </div>
  </header>
  <main>
    <div>
      <p>
        Lorem Ipsum
      </p>
    </div>
  </main>
  <footer>
    <ul
      class="tags"
    >
      <li>
        <a
          class="tag"
          href="/tags/tag-1"
        >
          tag-1
        </a>
      </li>
    </ul>
  </footer>
</article>
`;
