// Jest Snapshot v1, https://goo.gl/fbAQLP

exports[`tags component should render correctly 1`] = `
<ul
  class="tags"
>
  <li>
    <a
      class="tag"
      href="/tags/tag-1"
    >
      tag-1
    </a>
  </li>
</ul>
`;
